Archive member included to satisfy reference by file (symbol)

c:/program files/microchip/xc8/v2.32/avr/bin/../lib/gcc/avr/5.4.0/avr5/memx-const\libgcc.a(_exit.o)
                              C:/Program Files/Microchip/MPLABX/v5.50/packs/Microchip/ATmega_DFP/2.3.126/xc8/avr/lib/avr5/memx-const/crtatmega328p.o (exit)
c:/program files/microchip/xc8/v2.32/avr/bin/../lib/gcc/avr/5.4.0/avr5/memx-const\libgcc.a(_copy_data.o)
                              build/default/production/main.o (__do_copy_data)
c:/program files/microchip/xc8/v2.32/avr/bin/../lib/gcc/avr/5.4.0/avr5/memx-const\libgcc.a(_umulhisi3.o)
                              build/default/production/main.o (__umulhisi3)

Allocating common symbols
Common symbol       size              file

sensores_frontais   0x6               build/default/production/main.o
buffer              0x5               build/default/production/main.o
ch                  0x1               build/default/production/main.o

Discarded input sections

 .data          0x0000000000000000        0x0 C:/Program Files/Microchip/MPLABX/v5.50/packs/Microchip/ATmega_DFP/2.3.126/xc8/avr/lib/avr5/memx-const/crtatmega328p.o
 .bss           0x0000000000000000        0x0 C:/Program Files/Microchip/MPLABX/v5.50/packs/Microchip/ATmega_DFP/2.3.126/xc8/avr/lib/avr5/memx-const/crtatmega328p.o
 .text          0x0000000000000000        0x0 build/default/production/main.o
 .data          0x0000000000000000        0x0 build/default/production/main.o
 .bss           0x0000000000000000        0x0 build/default/production/main.o
 .text.UART_config
                0x0000000000000000       0x16 build/default/production/main.o
 .text.UART_enviaString
                0x0000000000000000       0x1e build/default/production/main.o
 .text.UART_enviaHex
                0x0000000000000000       0x34 build/default/production/main.o
 .text.ADC_ler  0x0000000000000000        0x6 build/default/production/main.o
 .text.setDuty_2
                0x0000000000000000        0xa build/default/production/main.o
 .text.setDuty_1
                0x0000000000000000        0xa build/default/production/main.o
 .text.setFreq  0x0000000000000000        0x6 build/default/production/main.o
 .text.tras     0x0000000000000000        0xa build/default/production/main.o
 .text.setup_logica
                0x0000000000000000        0x2 build/default/production/main.o
 .text.loop     0x0000000000000000        0x2 build/default/production/main.o
 .bss.flag_com  0x0000000000000000        0x1 build/default/production/main.o
 .text          0x0000000000000000        0x0 c:/program files/microchip/xc8/v2.32/avr/bin/../lib/gcc/avr/5.4.0/avr5/memx-const\libgcc.a(_exit.o)
 .data          0x0000000000000000        0x0 c:/program files/microchip/xc8/v2.32/avr/bin/../lib/gcc/avr/5.4.0/avr5/memx-const\libgcc.a(_exit.o)
 .bss           0x0000000000000000        0x0 c:/program files/microchip/xc8/v2.32/avr/bin/../lib/gcc/avr/5.4.0/avr5/memx-const\libgcc.a(_exit.o)
 .text.libgcc.mul
                0x0000000000000000        0x0 c:/program files/microchip/xc8/v2.32/avr/bin/../lib/gcc/avr/5.4.0/avr5/memx-const\libgcc.a(_exit.o)
 .text.libgcc.div
                0x0000000000000000        0x0 c:/program files/microchip/xc8/v2.32/avr/bin/../lib/gcc/avr/5.4.0/avr5/memx-const\libgcc.a(_exit.o)
 .text.libgcc   0x0000000000000000        0x0 c:/program files/microchip/xc8/v2.32/avr/bin/../lib/gcc/avr/5.4.0/avr5/memx-const\libgcc.a(_exit.o)
 .text.libgcc.prologue
                0x0000000000000000        0x0 c:/program files/microchip/xc8/v2.32/avr/bin/../lib/gcc/avr/5.4.0/avr5/memx-const\libgcc.a(_exit.o)
 .stack.descriptors
                0x0000000000000000       0x13 c:/program files/microchip/xc8/v2.32/avr/bin/../lib/gcc/avr/5.4.0/avr5/memx-const\libgcc.a(_exit.o)
 .text.libgcc.builtins
                0x0000000000000000        0x0 c:/program files/microchip/xc8/v2.32/avr/bin/../lib/gcc/avr/5.4.0/avr5/memx-const\libgcc.a(_exit.o)
 .text.libgcc.fmul
                0x0000000000000000        0x0 c:/program files/microchip/xc8/v2.32/avr/bin/../lib/gcc/avr/5.4.0/avr5/memx-const\libgcc.a(_exit.o)
 .text.libgcc.fixed
                0x0000000000000000        0x0 c:/program files/microchip/xc8/v2.32/avr/bin/../lib/gcc/avr/5.4.0/avr5/memx-const\libgcc.a(_exit.o)
 .text          0x0000000000000000        0x0 c:/program files/microchip/xc8/v2.32/avr/bin/../lib/gcc/avr/5.4.0/avr5/memx-const\libgcc.a(_copy_data.o)
 .data          0x0000000000000000        0x0 c:/program files/microchip/xc8/v2.32/avr/bin/../lib/gcc/avr/5.4.0/avr5/memx-const\libgcc.a(_copy_data.o)
 .bss           0x0000000000000000        0x0 c:/program files/microchip/xc8/v2.32/avr/bin/../lib/gcc/avr/5.4.0/avr5/memx-const\libgcc.a(_copy_data.o)
 .text.libgcc.mul
                0x0000000000000000        0x0 c:/program files/microchip/xc8/v2.32/avr/bin/../lib/gcc/avr/5.4.0/avr5/memx-const\libgcc.a(_copy_data.o)
 .text.libgcc.div
                0x0000000000000000        0x0 c:/program files/microchip/xc8/v2.32/avr/bin/../lib/gcc/avr/5.4.0/avr5/memx-const\libgcc.a(_copy_data.o)
 .text.libgcc   0x0000000000000000        0x0 c:/program files/microchip/xc8/v2.32/avr/bin/../lib/gcc/avr/5.4.0/avr5/memx-const\libgcc.a(_copy_data.o)
 .text.libgcc.prologue
                0x0000000000000000        0x0 c:/program files/microchip/xc8/v2.32/avr/bin/../lib/gcc/avr/5.4.0/avr5/memx-const\libgcc.a(_copy_data.o)
 .text.libgcc.builtins
                0x0000000000000000        0x0 c:/program files/microchip/xc8/v2.32/avr/bin/../lib/gcc/avr/5.4.0/avr5/memx-const\libgcc.a(_copy_data.o)
 .text.libgcc.fmul
                0x0000000000000000        0x0 c:/program files/microchip/xc8/v2.32/avr/bin/../lib/gcc/avr/5.4.0/avr5/memx-const\libgcc.a(_copy_data.o)
 .text.libgcc.fixed
                0x0000000000000000        0x0 c:/program files/microchip/xc8/v2.32/avr/bin/../lib/gcc/avr/5.4.0/avr5/memx-const\libgcc.a(_copy_data.o)
 .text          0x0000000000000000        0x0 c:/program files/microchip/xc8/v2.32/avr/bin/../lib/gcc/avr/5.4.0/avr5/memx-const\libgcc.a(_umulhisi3.o)
 .data          0x0000000000000000        0x0 c:/program files/microchip/xc8/v2.32/avr/bin/../lib/gcc/avr/5.4.0/avr5/memx-const\libgcc.a(_umulhisi3.o)
 .bss           0x0000000000000000        0x0 c:/program files/microchip/xc8/v2.32/avr/bin/../lib/gcc/avr/5.4.0/avr5/memx-const\libgcc.a(_umulhisi3.o)
 .stack.descriptors
                0x0000000000000000       0x19 c:/program files/microchip/xc8/v2.32/avr/bin/../lib/gcc/avr/5.4.0/avr5/memx-const\libgcc.a(_umulhisi3.o)
 .text.libgcc.div
                0x0000000000000000        0x0 c:/program files/microchip/xc8/v2.32/avr/bin/../lib/gcc/avr/5.4.0/avr5/memx-const\libgcc.a(_umulhisi3.o)
 .text.libgcc   0x0000000000000000        0x0 c:/program files/microchip/xc8/v2.32/avr/bin/../lib/gcc/avr/5.4.0/avr5/memx-const\libgcc.a(_umulhisi3.o)
 .text.libgcc.prologue
                0x0000000000000000        0x0 c:/program files/microchip/xc8/v2.32/avr/bin/../lib/gcc/avr/5.4.0/avr5/memx-const\libgcc.a(_umulhisi3.o)
 .text.libgcc.builtins
                0x0000000000000000        0x0 c:/program files/microchip/xc8/v2.32/avr/bin/../lib/gcc/avr/5.4.0/avr5/memx-const\libgcc.a(_umulhisi3.o)
 .text.libgcc.fmul
                0x0000000000000000        0x0 c:/program files/microchip/xc8/v2.32/avr/bin/../lib/gcc/avr/5.4.0/avr5/memx-const\libgcc.a(_umulhisi3.o)
 .text.libgcc.fixed
                0x0000000000000000        0x0 c:/program files/microchip/xc8/v2.32/avr/bin/../lib/gcc/avr/5.4.0/avr5/memx-const\libgcc.a(_umulhisi3.o)

Memory Configuration

Name             Origin             Length             Attributes
text             0x0000000000000000 0x0000000000008000 xr
data             0x0000000000800100 0x0000000000000800 rw !x
eeprom           0x0000000000810000 0x0000000000000400 rw !x
fuse             0x0000000000820000 0x0000000000000003 rw !x
lock             0x0000000000830000 0x0000000000000400 rw !x
signature        0x0000000000840000 0x0000000000000400 rw !x
user_signatures  0x0000000000850000 0x0000000000000400 rw !x
*default*        0x0000000000000000 0xffffffffffffffff

Linker script and memory map

Address of section .data set to 0x800100
LOAD C:/Program Files/Microchip/MPLABX/v5.50/packs/Microchip/ATmega_DFP/2.3.126/xc8/avr/lib/avr5/memx-const/crtatmega328p.o
                0x0000000000000001                __MPLAB_BUILD = 0x1
LOAD build/default/production/main.o
START GROUP
LOAD c:/program files/microchip/xc8/v2.32/avr/bin/../lib/gcc/avr/5.4.0/../../../../avr/lib/avr5/memx-const\libm.a
END GROUP
START GROUP
LOAD c:/program files/microchip/xc8/v2.32/avr/bin/../lib/gcc/avr/5.4.0/avr5/memx-const\libgcc.a
LOAD c:/program files/microchip/xc8/v2.32/avr/bin/../lib/gcc/avr/5.4.0/../../../../avr/lib/avr5/memx-const\libm.a
LOAD c:/program files/microchip/xc8/v2.32/avr/bin/../lib/gcc/avr/5.4.0/../../../../avr/lib/avr5/memx-const\libc.a
LOAD C:/Program Files/Microchip/MPLABX/v5.50/packs/Microchip/ATmega_DFP/2.3.126/xc8/avr/lib/avr5/memx-const\libatmega328p.a
END GROUP
                0x0000000000000000                __TEXT_REGION_ORIGIN__ = DEFINED (__TEXT_REGION_ORIGIN__)?__TEXT_REGION_ORIGIN__:0x0
                [0x0000000000800100]                __DATA_REGION_ORIGIN__ = DEFINED (__DATA_REGION_ORIGIN__)?__DATA_REGION_ORIGIN__:0x800060
                [0x0000000000008000]                __TEXT_REGION_LENGTH__ = DEFINED (__TEXT_REGION_LENGTH__)?__TEXT_REGION_LENGTH__:0x20000
                [0x0000000000000800]                __DATA_REGION_LENGTH__ = DEFINED (__DATA_REGION_LENGTH__)?__DATA_REGION_LENGTH__:0xffa0
                [0x0000000000000400]                __EEPROM_REGION_LENGTH__ = DEFINED (__EEPROM_REGION_LENGTH__)?__EEPROM_REGION_LENGTH__:0x10000
                [0x0000000000000003]                __FUSE_REGION_LENGTH__ = DEFINED (__FUSE_REGION_LENGTH__)?__FUSE_REGION_LENGTH__:0x400
                0x0000000000000400                __LOCK_REGION_LENGTH__ = DEFINED (__LOCK_REGION_LENGTH__)?__LOCK_REGION_LENGTH__:0x400
                0x0000000000000400                __SIGNATURE_REGION_LENGTH__ = DEFINED (__SIGNATURE_REGION_LENGTH__)?__SIGNATURE_REGION_LENGTH__:0x400
                0x0000000000000400                __USER_SIGNATURE_REGION_LENGTH__ = DEFINED (__USER_SIGNATURE_REGION_LENGTH__)?__USER_SIGNATURE_REGION_LENGTH__:0x400

.hash
 *(.hash)

.dynsym
 *(.dynsym)

.dynstr
 *(.dynstr)

.gnu.version
 *(.gnu.version)

.gnu.version_d
 *(.gnu.version_d)

.gnu.version_r
 *(.gnu.version_r)

.rel.init
 *(.rel.init)

.rela.init
 *(.rela.init)

.rel.text
 *(.rel.text)
 *(.rel.text.*)
 *(.rel.gnu.linkonce.t*)

.rela.text
 *(.rela.text)
 *(.rela.text.*)
 *(.rela.gnu.linkonce.t*)

.rel.fini
 *(.rel.fini)

.rela.fini
 *(.rela.fini)

.rel.rodata
 *(.rel.rodata)
 *(.rel.rodata.*)
 *(.rel.gnu.linkonce.r*)

.rela.rodata
 *(.rela.rodata)
 *(.rela.rodata.*)
 *(.rela.gnu.linkonce.r*)

.rel.data
 *(.rel.data)
 *(.rel.data.*)
 *(.rel.gnu.linkonce.d*)

.rela.data
 *(.rela.data)
 *(.rela.data.*)
 *(.rela.gnu.linkonce.d*)

.rel.ctors
 *(.rel.ctors)

.rela.ctors
 *(.rela.ctors)

.rel.dtors
 *(.rel.dtors)

.rela.dtors
 *(.rela.dtors)

.rel.got
 *(.rel.got)

.rela.got
 *(.rela.got)

.rel.bss
 *(.rel.bss)

.rela.bss
 *(.rela.bss)

.rel.plt
 *(.rel.plt)

.rela.plt
 *(.rela.plt)

.text           0x0000000000000000       0xe6
 *(.vectors)
 .vectors       0x0000000000000000       0x68 C:/Program Files/Microchip/MPLABX/v5.50/packs/Microchip/ATmega_DFP/2.3.126/xc8/avr/lib/avr5/memx-const/crtatmega328p.o
                0x0000000000000000                __vector_default
                0x0000000000000000                __vectors
 *(.vectors)
 *(.progmem.gcc*)
 *(.dinit)
 .dinit         0x0000000000000068       0x29 data_init
                0x0000000000000092                . = ALIGN (0x2)
 *fill*         0x0000000000000091        0x1 
                0x0000000000000092                __trampolines_start = .
 *(.trampolines)
 .trampolines   0x0000000000000092        0x0 linker stubs
 *(.trampolines*)
                0x0000000000000092                __trampolines_end = .
 *libprintf_flt.a:*(.progmem.data)
 *libc.a:*(.progmem.data)
                0x0000000000000092                . = ALIGN (0x2)
 *(.jumptables)
 *(.jumptables*)
 *(.lowtext)
 *(.lowtext*)
                0x0000000000000092                __ctors_start = .
 *(.ctors)
                0x0000000000000092                __ctors_end = .
                0x0000000000000092                __dtors_start = .
 *(.dtors)
                0x0000000000000092                __dtors_end = .
 SORT(*)(.ctors)
 SORT(*)(.dtors)
 *(.init0)
 .init0         0x0000000000000092        0x0 C:/Program Files/Microchip/MPLABX/v5.50/packs/Microchip/ATmega_DFP/2.3.126/xc8/avr/lib/avr5/memx-const/crtatmega328p.o
                0x0000000000000092                __init
 *(.init0)
 *(.init1)
 *(.init1)
 *(.init2)
 .init2         0x0000000000000092        0xc C:/Program Files/Microchip/MPLABX/v5.50/packs/Microchip/ATmega_DFP/2.3.126/xc8/avr/lib/avr5/memx-const/crtatmega328p.o
 *(.init2)
 *(.init3)
 *(.init3)
 *(.init4)
 .init4         0x000000000000009e       0x3c c:/program files/microchip/xc8/v2.32/avr/bin/../lib/gcc/avr/5.4.0/avr5/memx-const\libgcc.a(_copy_data.o)
                0x000000000000009e                __do_copy_data
                0x00000000000000cc                __do_clear_bss
 *(.init4)
 *(.init5)
 *(.init5)
 *(.init6)
 *(.init6)
 *(.init7)
 *(.init7)
 *(.init8)
 *(.init8)
 *(.init9)
 .init9         0x00000000000000da        0x8 C:/Program Files/Microchip/MPLABX/v5.50/packs/Microchip/ATmega_DFP/2.3.126/xc8/avr/lib/avr5/memx-const/crtatmega328p.o
 *(.init9)
                0x00000000000000e2                . = ALIGN (0x2)
 *(.fini9)
 .fini9         0x00000000000000e2        0x0 c:/program files/microchip/xc8/v2.32/avr/bin/../lib/gcc/avr/5.4.0/avr5/memx-const\libgcc.a(_exit.o)
                0x00000000000000e2                _exit
                0x00000000000000e2                exit
 *(.fini9)
 *(.fini8)
 *(.fini8)
 *(.fini7)
 *(.fini7)
 *(.fini6)
 *(.fini6)
 *(.fini5)
 *(.fini5)
 *(.fini4)
 *(.fini4)
 *(.fini3)
 *(.fini3)
 *(.fini2)
 *(.fini2)
 *(.fini1)
 *(.fini1)
 *(.fini0)
 .fini0         0x00000000000000e2        0x4 c:/program files/microchip/xc8/v2.32/avr/bin/../lib/gcc/avr/5.4.0/avr5/memx-const\libgcc.a(_exit.o)
 *(.fini0)
                0x00000000000000e6                _etext = .

.data           0x0000000000800100        0x0 load address 0x00000000000000e6
                [!provide]                        PROVIDE (__data_start, .)
 *(.gnu.linkonce.d*)
 *(.gnu.linkonce.r*)
                0x0000000000800100                . = ALIGN (0x2)
                0x0000000000800100                _edata = .
                [!provide]                        PROVIDE (__data_end, .)

.bss            0x0000000000800100        0xc
                [!provide]                        PROVIDE (__bss_start, .)
 *(COMMON)
 COMMON         0x0000000000800100        0xc build/default/production/main.o
                0x0000000000800100                sensores_frontais
                0x0000000000800106                buffer
                0x000000000080010b                ch
                [!provide]                        PROVIDE (__bss_end, .)
                0x00000000000000e6                __data_load_start = LOADADDR (.data)
                0x00000000000000e6                __data_load_end = (__data_load_start + SIZEOF (.data))

.noinit         0x000000000080010c        0x0
                [!provide]                        PROVIDE (__noinit_start, .)
 *(.noinit*)
                [!provide]                        PROVIDE (__noinit_end, .)
                0x000000000080010c                _end = .

.eeprom         0x0000000000810000        0x0
 *(.eeprom*)
                0x0000000000810000                __eeprom_end = .

.fuse
 *(.fuse)
 *(.lfuse)
 *(.hfuse)
 *(.efuse)

.lock
 *(.lock*)

.signature
 *(.signature*)

.user_signatures
 *(.user_signatures*)

.stab
 *(.stab)

.stabstr
 *(.stabstr)

.stab.excl
 *(.stab.excl)

.stab.exclstr
 *(.stab.exclstr)

.stab.index
 *(.stab.index)

.stab.indexstr
 *(.stab.indexstr)

.comment        0x0000000000000000       0x2f
 *(.comment)
 .comment       0x0000000000000000       0x2f build/default/production/main.o
                                         0x30 (size before relaxing)

.stack.descriptors.hdr
                0x0000000000000000       0x1c
 .stack.descriptors.hdr
                0x0000000000000000        0xe c:/program files/microchip/xc8/v2.32/avr/bin/../lib/gcc/avr/5.4.0/avr5/memx-const\libgcc.a(_exit.o)
 .stack.descriptors.hdr
                0x000000000000000e        0xe c:/program files/microchip/xc8/v2.32/avr/bin/../lib/gcc/avr/5.4.0/avr5/memx-const\libgcc.a(_umulhisi3.o)

.note.gnu.build-id
 *(.note.gnu.build-id)

.debug
 *(.debug)

.line
 *(.line)

.debug_srcinfo
 *(.debug_srcinfo)

.debug_sfnames
 *(.debug_sfnames)

.debug_aranges  0x0000000000000000      0x138
 *(.debug_aranges)
 .debug_aranges
                0x0000000000000000      0x138 build/default/production/main.o

.debug_pubnames
 *(.debug_pubnames)

.debug_info     0x0000000000000000     0x1663
 *(.debug_info .gnu.linkonce.wi.*)
 .debug_info    0x0000000000000000      0x5f4 C:/Program Files/Microchip/MPLABX/v5.50/packs/Microchip/ATmega_DFP/2.3.126/xc8/avr/lib/avr5/memx-const/crtatmega328p.o
 .debug_info    0x00000000000005f4     0x106f build/default/production/main.o

.debug_abbrev   0x0000000000000000      0x894
 *(.debug_abbrev)
 .debug_abbrev  0x0000000000000000      0x5a2 C:/Program Files/Microchip/MPLABX/v5.50/packs/Microchip/ATmega_DFP/2.3.126/xc8/avr/lib/avr5/memx-const/crtatmega328p.o
 .debug_abbrev  0x00000000000005a2      0x2f2 build/default/production/main.o

.debug_line     0x0000000000000000      0x9d9
 *(.debug_line .debug_line.* .debug_line_end)
 .debug_line    0x0000000000000000      0x137 C:/Program Files/Microchip/MPLABX/v5.50/packs/Microchip/ATmega_DFP/2.3.126/xc8/avr/lib/avr5/memx-const/crtatmega328p.o
 .debug_line    0x0000000000000137      0x8a2 build/default/production/main.o

.debug_frame    0x0000000000000000      0x358
 *(.debug_frame)
 .debug_frame   0x0000000000000000      0x358 build/default/production/main.o

.debug_str      0x0000000000000000      0x208
 *(.debug_str)
 .debug_str     0x0000000000000000      0x208 C:/Program Files/Microchip/MPLABX/v5.50/packs/Microchip/ATmega_DFP/2.3.126/xc8/avr/lib/avr5/memx-const/crtatmega328p.o
 .debug_str     0x0000000000000208        0x0 build/default/production/main.o

.debug_loc      0x0000000000000000      0x775
 *(.debug_loc)
 .debug_loc     0x0000000000000000      0x775 build/default/production/main.o

.debug_macinfo
 *(.debug_macinfo)

.debug_weaknames
 *(.debug_weaknames)

.debug_funcnames
 *(.debug_funcnames)

.debug_typenames
 *(.debug_typenames)

.debug_varnames
 *(.debug_varnames)

.debug_pubtypes
 *(.debug_pubtypes)

.debug_ranges   0x0000000000000000      0x128
 *(.debug_ranges)
 .debug_ranges  0x0000000000000000      0x128 build/default/production/main.o

.debug_macro
 *(.debug_macro)
OUTPUT(dist/default/production/Van_Grogue.X.production.elf elf32-avr)
LOAD linker stubs
LOAD data_init

.note.gnu.avr.deviceinfo
                0x0000000000000000       0x40
 .note.gnu.avr.deviceinfo
                0x0000000000000000       0x40 C:/Program Files/Microchip/MPLABX/v5.50/packs/Microchip/ATmega_DFP/2.3.126/xc8/avr/lib/avr5/memx-const/crtatmega328p.o

.bss.c_timer2.2123
                0x0000000000800122        0x1
 .bss.c_timer2.2123
                0x0000000000800122        0x1 build/default/production/main.o

.bss.parada.2119
                0x0000000000800123        0x1
 .bss.parada.2119
                0x0000000000800123        0x1 build/default/production/main.o

.bss.PWMB_C.2099
                0x0000000000800118        0x2
 .bss.PWMB_C.2099
                0x0000000000800118        0x2 build/default/production/main.o

.bss.PWMA_C.2098
                0x000000000080011a        0x2
 .bss.PWMA_C.2098
                0x000000000080011a        0x2 build/default/production/main.o

.bss.erroAnterior.1991
                0x0000000000800125        0x1
 .bss.erroAnterior.1991
                0x0000000000800125        0x1 build/default/production/main.o

.bss.integral.1990
                0x000000000080011c        0x2
 .bss.integral.1990
                0x000000000080011c        0x2 build/default/production/main.o

.bss.flag       0x0000000000800126        0x1
 .bss.flag      0x0000000000800126        0x1 build/default/production/main.o
                0x0000000000800126                flag

.bss.f_calibra  0x0000000000800127        0x1
 .bss.f_calibra
                0x0000000000800127        0x1 build/default/production/main.o
                0x0000000000800127                f_calibra

.bss.f_parada   0x0000000000800128        0x1
 .bss.f_parada  0x0000000000800128        0x1 build/default/production/main.o
                0x0000000000800128                f_parada

.bss.valor_min_abs
                0x0000000000800129        0x1
 .bss.valor_min_abs
                0x0000000000800129        0x1 build/default/production/main.o
                0x0000000000800129                valor_min_abs

.bss.valor_max  0x0000000000800112        0x6
 .bss.valor_max
                0x0000000000800112        0x6 build/default/production/main.o
                0x0000000000800112                valor_max

.bss.PWMB       0x000000000080011e        0x2
 .bss.PWMB      0x000000000080011e        0x2 build/default/production/main.o
                0x000000000080011e                PWMB

.bss.PWMA       0x0000000000800120        0x2
 .bss.PWMA      0x0000000000800120        0x2 build/default/production/main.o
                0x0000000000800120                PWMA

.bss.erro       0x000000000080012b        0x1
 .bss.erro      0x000000000080012b        0x1 build/default/production/main.o
                0x000000000080012b                erro

.text.sentido_de_giro
                0x00000000000000e6       0xbc
 .text.sentido_de_giro
                0x00000000000000e6       0xbc build/default/production/main.o
                0x00000000000000e6                sentido_de_giro

.text.ADC_maq   0x00000000000001a2       0xb8
 .text.ADC_maq  0x00000000000001a2       0xb8 build/default/production/main.o
                0x00000000000001a2                ADC_maq

.text.calibration
                0x000000000000025a       0x7a
 .text.calibration
                0x000000000000025a       0x7a build/default/production/main.o
                0x000000000000025a                calibration

.text.calculo_do_erro
                0x00000000000002d4       0x72
 .text.calculo_do_erro
                0x00000000000002d4       0x72 build/default/production/main.o
                0x00000000000002d4                calculo_do_erro

.text.__vector_18
                0x0000000000000346       0x54
 .text.__vector_18
                0x0000000000000346       0x54 build/default/production/main.o
                0x0000000000000346                __vector_18

.text.calibra_sensores
                0x000000000000039a       0x50
 .text.calibra_sensores
                0x000000000000039a       0x50 build/default/production/main.o
                0x000000000000039a                calibra_sensores

.text.__vector_16
                0x00000000000003ea       0x4c
 .text.__vector_16
                0x00000000000003ea       0x4c build/default/production/main.o
                0x00000000000003ea                __vector_16

.text.__vector_21
                0x0000000000000436       0x48
 .text.__vector_21
                0x0000000000000436       0x48 build/default/production/main.o
                0x0000000000000436                __vector_21

.text.PWM_limit
                0x000000000000047e       0x38
 .text.PWM_limit
                0x000000000000047e       0x38 build/default/production/main.o
                0x000000000000047e                PWM_limit

.text.seta_calibracao
                0x00000000000004b6       0x34
 .text.seta_calibracao
                0x00000000000004b6       0x34 build/default/production/main.o
                0x00000000000004b6                seta_calibracao

.text.setup_Hardware
                0x00000000000004ea       0x32
 .text.setup_Hardware
                0x00000000000004ea       0x32 build/default/production/main.o
                0x00000000000004ea                setup_Hardware

.text.PID       0x000000000000051c       0x2c
 .text.PID      0x000000000000051c       0x2c build/default/production/main.o
                0x000000000000051c                PID

.text.sensores  0x0000000000000548       0x2c
 .text.sensores
                0x0000000000000548       0x2c build/default/production/main.o
                0x0000000000000548                sensores

.text.fim_de_pista
                0x0000000000000574       0x2a
 .text.fim_de_pista
                0x0000000000000574       0x2a build/default/production/main.o
                0x0000000000000574                fim_de_pista

.text.f_timers  0x000000000000059e       0x2a
 .text.f_timers
                0x000000000000059e       0x2a build/default/production/main.o
                0x000000000000059e                f_timers

.text.ADC_conv_ch
                0x00000000000005c8       0x1e
 .text.ADC_conv_ch
                0x00000000000005c8       0x1e build/default/production/main.o
                0x00000000000005c8                ADC_conv_ch

.text.parada    0x00000000000005e6       0x1e
 .text.parada   0x00000000000005e6       0x1e build/default/production/main.o
                0x00000000000005e6                parada

.text.libgcc.mul
                0x0000000000000604       0x1e
 .text.libgcc.mul
                0x0000000000000604       0x1e c:/program files/microchip/xc8/v2.32/avr/bin/../lib/gcc/avr/5.4.0/avr5/memx-const\libgcc.a(_umulhisi3.o)
                0x0000000000000604                __umulhisi3

.text.ADC_init  0x0000000000000622       0x18
 .text.ADC_init
                0x0000000000000622       0x18 build/default/production/main.o
                0x0000000000000622                ADC_init

.text.freio     0x000000000000063a       0x16
 .text.freio    0x000000000000063a       0x16 build/default/production/main.o
                0x000000000000063a                freio

.text.estrategia
                0x0000000000000650       0x16
 .text.estrategia
                0x0000000000000650       0x16 build/default/production/main.o
                0x0000000000000650                estrategia

.text.UART_enviaCaractere
                0x0000000000000666       0x10
 .text.UART_enviaCaractere
                0x0000000000000666       0x10 build/default/production/main.o
                0x0000000000000666                UART_enviaCaractere

.text.INT_INIT  0x0000000000000676       0x10
 .text.INT_INIT
                0x0000000000000676       0x10 build/default/production/main.o
                0x0000000000000676                INT_INIT

.text.setup     0x0000000000000686        0xc
 .text.setup    0x0000000000000686        0xc build/default/production/main.o
                0x0000000000000686                setup

.text.frente    0x0000000000000692        0xa
 .text.frente   0x0000000000000692        0xa build/default/production/main.o
                0x0000000000000692                frente

.text.motor_off
                0x000000000000069c        0xa
 .text.motor_off
                0x000000000000069c        0xa build/default/production/main.o
                0x000000000000069c                motor_off

.text.main      0x00000000000006a6        0x6
 .text.main     0x00000000000006a6        0x6 build/default/production/main.o
                0x00000000000006a6                main

.text           0x00000000000006ac        0x4
 .text          0x00000000000006ac        0x4 C:/Program Files/Microchip/MPLABX/v5.50/packs/Microchip/ATmega_DFP/2.3.126/xc8/avr/lib/avr5/memx-const/crtatmega328p.o
                0x00000000000006ac                __vector_22
                0x00000000000006ac                __vector_1
                0x00000000000006ac                __vector_24
                0x00000000000006ac                __vector_12
                0x00000000000006ac                __bad_interrupt
                0x00000000000006ac                __vector_6
                0x00000000000006ac                __vector_3
                0x00000000000006ac                __vector_23
                0x00000000000006ac                __vector_25
                0x00000000000006ac                __vector_11
                0x00000000000006ac                __vector_13
                0x00000000000006ac                __vector_17
                0x00000000000006ac                __vector_19
                0x00000000000006ac                __vector_7
                0x00000000000006ac                __vector_5
                0x00000000000006ac                __vector_4
                0x00000000000006ac                __vector_9
                0x00000000000006ac                __vector_2
                0x00000000000006ac                __vector_15
                0x00000000000006ac                __vector_8
                0x00000000000006ac                __vector_14
                0x00000000000006ac                __vector_10
                0x00000000000006ac                __vector_20

.data.valor_min
                0x000000000080010c        0x6 load address 0x00000000000006b0
 .data.valor_min
                0x000000000080010c        0x6 build/default/production/main.o
                0x000000000080010c                valor_min

.data.estado.2060
                0x0000000000800124        0x1 load address 0x00000000000006b6
 .data.estado.2060
                0x0000000000800124        0x1 build/default/production/main.o

.data.valor_max_abs
                0x000000000080012a        0x1 load address 0x00000000000006b7
 .data.valor_max_abs
                0x000000000080012a        0x1 build/default/production/main.o
                0x000000000080012a                valor_max_abs
