Archive member included to satisfy reference by file (symbol)

c:/program files/microchip/xc8/v2.32/avr/bin/../lib/gcc/avr/5.4.0/avr5/memx-const\libgcc.a(_exit.o)
                              C:/Program Files/Microchip/MPLABX/v5.50/packs/Microchip/ATmega_DFP/2.3.126/xc8/avr/lib/avr5/memx-const/crtatmega328p.o (exit)
c:/program files/microchip/xc8/v2.32/avr/bin/../lib/gcc/avr/5.4.0/avr5/memx-const\libgcc.a(_copy_data.o)
                              build/default/production/main.o (__do_copy_data)
c:/program files/microchip/xc8/v2.32/avr/bin/../lib/gcc/avr/5.4.0/avr5/memx-const\libgcc.a(_umulhisi3.o)
                              build/default/production/main.o (__umulhisi3)

Allocating common symbols
Common symbol       size              file

sensores_frontais   0x6               build/default/production/main.o
buffer              0x5               build/default/production/main.o
ch                  0x1               build/default/production/main.o

Discarded input sections

 .data          0x0000000000000000        0x0 C:/Program Files/Microchip/MPLABX/v5.50/packs/Microchip/ATmega_DFP/2.3.126/xc8/avr/lib/avr5/memx-const/crtatmega328p.o
 .bss           0x0000000000000000        0x0 C:/Program Files/Microchip/MPLABX/v5.50/packs/Microchip/ATmega_DFP/2.3.126/xc8/avr/lib/avr5/memx-const/crtatmega328p.o
 .text          0x0000000000000000        0x0 build/default/production/main.o
 .data          0x0000000000000000        0x0 build/default/production/main.o
 .bss           0x0000000000000000        0x0 build/default/production/main.o
 .text.UART_config
                0x0000000000000000       0x16 build/default/production/main.o
 .text.UART_enviaString
                0x0000000000000000       0x1e build/default/production/main.o
 .text.UART_enviaHex
                0x0000000000000000       0x34 build/default/production/main.o
 .text.ADC_conv_ch
                0x0000000000000000       0x1e build/default/production/main.o
 .text.ADC_ler  0x0000000000000000        0x6 build/default/production/main.o
 .text.setDuty_2
                0x0000000000000000        0xa build/default/production/main.o
 .text.setDuty_1
                0x0000000000000000        0xa build/default/production/main.o
 .text.setFreq  0x0000000000000000        0x6 build/default/production/main.o
 .text.tras     0x0000000000000000        0xa build/default/production/main.o
 .text.setup_logica
                0x0000000000000000        0x2 build/default/production/main.o
 .text.loop     0x0000000000000000        0x2 build/default/production/main.o
 .bss.flag_com  0x0000000000000000        0x1 build/default/production/main.o
 .bss.valor_min_abs
                0x0000000000000000        0x1 build/default/production/main.o
 .data.valor_max_abs
                0x0000000000000000        0x1 build/default/production/main.o
 .data.valor_min
                0x0000000000000000        0x6 build/default/production/main.o
 .bss.valor_max
                0x0000000000000000        0x6 build/default/production/main.o
 .text          0x0000000000000000        0x0 c:/program files/microchip/xc8/v2.32/avr/bin/../lib/gcc/avr/5.4.0/avr5/memx-const\libgcc.a(_exit.o)
 .data          0x0000000000000000        0x0 c:/program files/microchip/xc8/v2.32/avr/bin/../lib/gcc/avr/5.4.0/avr5/memx-const\libgcc.a(_exit.o)
 .bss           0x0000000000000000        0x0 c:/program files/microchip/xc8/v2.32/avr/bin/../lib/gcc/avr/5.4.0/avr5/memx-const\libgcc.a(_exit.o)
 .text.libgcc.mul
                0x0000000000000000        0x0 c:/program files/microchip/xc8/v2.32/avr/bin/../lib/gcc/avr/5.4.0/avr5/memx-const\libgcc.a(_exit.o)
 .text.libgcc.div
                0x0000000000000000        0x0 c:/program files/microchip/xc8/v2.32/avr/bin/../lib/gcc/avr/5.4.0/avr5/memx-const\libgcc.a(_exit.o)
 .text.libgcc   0x0000000000000000        0x0 c:/program files/microchip/xc8/v2.32/avr/bin/../lib/gcc/avr/5.4.0/avr5/memx-const\libgcc.a(_exit.o)
 .text.libgcc.prologue
                0x0000000000000000        0x0 c:/program files/microchip/xc8/v2.32/avr/bin/../lib/gcc/avr/5.4.0/avr5/memx-const\libgcc.a(_exit.o)
 .stack.descriptors
                0x0000000000000000       0x13 c:/program files/microchip/xc8/v2.32/avr/bin/../lib/gcc/avr/5.4.0/avr5/memx-const\libgcc.a(_exit.o)
 .text.libgcc.builtins
                0x0000000000000000        0x0 c:/program files/microchip/xc8/v2.32/avr/bin/../lib/gcc/avr/5.4.0/avr5/memx-const\libgcc.a(_exit.o)
 .text.libgcc.fmul
                0x0000000000000000        0x0 c:/program files/microchip/xc8/v2.32/avr/bin/../lib/gcc/avr/5.4.0/avr5/memx-const\libgcc.a(_exit.o)
 .text.libgcc.fixed
                0x0000000000000000        0x0 c:/program files/microchip/xc8/v2.32/avr/bin/../lib/gcc/avr/5.4.0/avr5/memx-const\libgcc.a(_exit.o)
 .text          0x0000000000000000        0x0 c:/program files/microchip/xc8/v2.32/avr/bin/../lib/gcc/avr/5.4.0/avr5/memx-const\libgcc.a(_copy_data.o)
 .data          0x0000000000000000        0x0 c:/program files/microchip/xc8/v2.32/avr/bin/../lib/gcc/avr/5.4.0/avr5/memx-const\libgcc.a(_copy_data.o)
 .bss           0x0000000000000000        0x0 c:/program files/microchip/xc8/v2.32/avr/bin/../lib/gcc/avr/5.4.0/avr5/memx-const\libgcc.a(_copy_data.o)
 .text.libgcc.mul
                0x0000000000000000        0x0 c:/program files/microchip/xc8/v2.32/avr/bin/../lib/gcc/avr/5.4.0/avr5/memx-const\libgcc.a(_copy_data.o)
 .text.libgcc.div
                0x0000000000000000        0x0 c:/program files/microchip/xc8/v2.32/avr/bin/../lib/gcc/avr/5.4.0/avr5/memx-const\libgcc.a(_copy_data.o)
 .text.libgcc   0x0000000000000000        0x0 c:/program files/microchip/xc8/v2.32/avr/bin/../lib/gcc/avr/5.4.0/avr5/memx-const\libgcc.a(_copy_data.o)
 .text.libgcc.prologue
                0x0000000000000000        0x0 c:/program files/microchip/xc8/v2.32/avr/bin/../lib/gcc/avr/5.4.0/avr5/memx-const\libgcc.a(_copy_data.o)
 .text.libgcc.builtins
                0x0000000000000000        0x0 c:/program files/microchip/xc8/v2.32/avr/bin/../lib/gcc/avr/5.4.0/avr5/memx-const\libgcc.a(_copy_data.o)
 .text.libgcc.fmul
                0x0000000000000000        0x0 c:/program files/microchip/xc8/v2.32/avr/bin/../lib/gcc/avr/5.4.0/avr5/memx-const\libgcc.a(_copy_data.o)
 .text.libgcc.fixed
                0x0000000000000000        0x0 c:/program files/microchip/xc8/v2.32/avr/bin/../lib/gcc/avr/5.4.0/avr5/memx-const\libgcc.a(_copy_data.o)
 .text          0x0000000000000000        0x0 c:/program files/microchip/xc8/v2.32/avr/bin/../lib/gcc/avr/5.4.0/avr5/memx-const\libgcc.a(_umulhisi3.o)
 .data          0x0000000000000000        0x0 c:/program files/microchip/xc8/v2.32/avr/bin/../lib/gcc/avr/5.4.0/avr5/memx-const\libgcc.a(_umulhisi3.o)
 .bss           0x0000000000000000        0x0 c:/program files/microchip/xc8/v2.32/avr/bin/../lib/gcc/avr/5.4.0/avr5/memx-const\libgcc.a(_umulhisi3.o)
 .stack.descriptors
                0x0000000000000000       0x19 c:/program files/microchip/xc8/v2.32/avr/bin/../lib/gcc/avr/5.4.0/avr5/memx-const\libgcc.a(_umulhisi3.o)
 .text.libgcc.div
                0x0000000000000000        0x0 c:/program files/microchip/xc8/v2.32/avr/bin/../lib/gcc/avr/5.4.0/avr5/memx-const\libgcc.a(_umulhisi3.o)
 .text.libgcc   0x0000000000000000        0x0 c:/program files/microchip/xc8/v2.32/avr/bin/../lib/gcc/avr/5.4.0/avr5/memx-const\libgcc.a(_umulhisi3.o)
 .text.libgcc.prologue
                0x0000000000000000        0x0 c:/program files/microchip/xc8/v2.32/avr/bin/../lib/gcc/avr/5.4.0/avr5/memx-const\libgcc.a(_umulhisi3.o)
 .text.libgcc.builtins
                0x0000000000000000        0x0 c:/program files/microchip/xc8/v2.32/avr/bin/../lib/gcc/avr/5.4.0/avr5/memx-const\libgcc.a(_umulhisi3.o)
 .text.libgcc.fmul
                0x0000000000000000        0x0 c:/program files/microchip/xc8/v2.32/avr/bin/../lib/gcc/avr/5.4.0/avr5/memx-const\libgcc.a(_umulhisi3.o)
 .text.libgcc.fixed
                0x0000000000000000        0x0 c:/program files/microchip/xc8/v2.32/avr/bin/../lib/gcc/avr/5.4.0/avr5/memx-const\libgcc.a(_umulhisi3.o)

Memory Configuration

Name             Origin             Length             Attributes
text             0x0000000000000000 0x0000000000008000 xr
data             0x0000000000800100 0x0000000000000800 rw !x
eeprom           0x0000000000810000 0x0000000000000400 rw !x
fuse             0x0000000000820000 0x0000000000000003 rw !x
lock             0x0000000000830000 0x0000000000000400 rw !x
signature        0x0000000000840000 0x0000000000000400 rw !x
user_signatures  0x0000000000850000 0x0000000000000400 rw !x
*default*        0x0000000000000000 0xffffffffffffffff

Linker script and memory map

Address of section .data set to 0x800100
LOAD C:/Program Files/Microchip/MPLABX/v5.50/packs/Microchip/ATmega_DFP/2.3.126/xc8/avr/lib/avr5/memx-const/crtatmega328p.o
                0x0000000000000001                __MPLAB_BUILD = 0x1
LOAD build/default/production/main.o
START GROUP
LOAD c:/program files/microchip/xc8/v2.32/avr/bin/../lib/gcc/avr/5.4.0/../../../../avr/lib/avr5/memx-const\libm.a
END GROUP
START GROUP
LOAD c:/program files/microchip/xc8/v2.32/avr/bin/../lib/gcc/avr/5.4.0/avr5/memx-const\libgcc.a
LOAD c:/program files/microchip/xc8/v2.32/avr/bin/../lib/gcc/avr/5.4.0/../../../../avr/lib/avr5/memx-const\libm.a
LOAD c:/program files/microchip/xc8/v2.32/avr/bin/../lib/gcc/avr/5.4.0/../../../../avr/lib/avr5/memx-const\libc.a
LOAD C:/Program Files/Microchip/MPLABX/v5.50/packs/Microchip/ATmega_DFP/2.3.126/xc8/avr/lib/avr5/memx-const\libatmega328p.a
END GROUP
                0x0000000000000000                __TEXT_REGION_ORIGIN__ = DEFINED (__TEXT_REGION_ORIGIN__)?__TEXT_REGION_ORIGIN__:0x0
                [0x0000000000800100]                __DATA_REGION_ORIGIN__ = DEFINED (__DATA_REGION_ORIGIN__)?__DATA_REGION_ORIGIN__:0x800060
                [0x0000000000008000]                __TEXT_REGION_LENGTH__ = DEFINED (__TEXT_REGION_LENGTH__)?__TEXT_REGION_LENGTH__:0x20000
                [0x0000000000000800]                __DATA_REGION_LENGTH__ = DEFINED (__DATA_REGION_LENGTH__)?__DATA_REGION_LENGTH__:0xffa0
                [0x0000000000000400]                __EEPROM_REGION_LENGTH__ = DEFINED (__EEPROM_REGION_LENGTH__)?__EEPROM_REGION_LENGTH__:0x10000
                [0x0000000000000003]                __FUSE_REGION_LENGTH__ = DEFINED (__FUSE_REGION_LENGTH__)?__FUSE_REGION_LENGTH__:0x400
                0x0000000000000400                __LOCK_REGION_LENGTH__ = DEFINED (__LOCK_REGION_LENGTH__)?__LOCK_REGION_LENGTH__:0x400
                0x0000000000000400                __SIGNATURE_REGION_LENGTH__ = DEFINED (__SIGNATURE_REGION_LENGTH__)?__SIGNATURE_REGION_LENGTH__:0x400
                0x0000000000000400                __USER_SIGNATURE_REGION_LENGTH__ = DEFINED (__USER_SIGNATURE_REGION_LENGTH__)?__USER_SIGNATURE_REGION_LENGTH__:0x400

.hash
 *(.hash)

.dynsym
 *(.dynsym)

.dynstr
 *(.dynstr)

.gnu.version
 *(.gnu.version)

.gnu.version_d
 *(.gnu.version_d)

.gnu.version_r
 *(.gnu.version_r)

.rel.init
 *(.rel.init)

.rela.init
 *(.rela.init)

.rel.text
 *(.rel.text)
 *(.rel.text.*)
 *(.rel.gnu.linkonce.t*)

.rela.text
 *(.rela.text)
 *(.rela.text.*)
 *(.rela.gnu.linkonce.t*)

.rel.fini
 *(.rel.fini)

.rela.fini
 *(.rela.fini)

.rel.rodata
 *(.rel.rodata)
 *(.rel.rodata.*)
 *(.rel.gnu.linkonce.r*)

.rela.rodata
 *(.rela.rodata)
 *(.rela.rodata.*)
 *(.rela.gnu.linkonce.r*)

.rel.data
 *(.rel.data)
 *(.rel.data.*)
 *(.rel.gnu.linkonce.d*)

.rela.data
 *(.rela.data)
 *(.rela.data.*)
 *(.rela.gnu.linkonce.d*)

.rel.ctors
 *(.rel.ctors)

.rela.ctors
 *(.rela.ctors)

.rel.dtors
 *(.rel.dtors)

.rela.dtors
 *(.rela.dtors)

.rel.got
 *(.rel.got)

.rela.got
 *(.rela.got)

.rel.bss
 *(.rel.bss)

.rela.bss
 *(.rela.bss)

.rel.plt
 *(.rel.plt)

.rela.plt
 *(.rela.plt)

.text           0x0000000000000000       0xc2
 *(.vectors)
 .vectors       0x0000000000000000       0x68 C:/Program Files/Microchip/MPLABX/v5.50/packs/Microchip/ATmega_DFP/2.3.126/xc8/avr/lib/avr5/memx-const/crtatmega328p.o
                0x0000000000000000                __vector_default
                0x0000000000000000                __vectors
 *(.vectors)
 *(.progmem.gcc*)
 *(.dinit)
 .dinit         0x0000000000000068        0x5 data_init
                0x000000000000006e                . = ALIGN (0x2)
 *fill*         0x000000000000006d        0x1 
                0x000000000000006e                __trampolines_start = .
 *(.trampolines)
 .trampolines   0x000000000000006e        0x0 linker stubs
 *(.trampolines*)
                0x000000000000006e                __trampolines_end = .
 *libprintf_flt.a:*(.progmem.data)
 *libc.a:*(.progmem.data)
                0x000000000000006e                . = ALIGN (0x2)
 *(.jumptables)
 *(.jumptables*)
 *(.lowtext)
 *(.lowtext*)
                0x000000000000006e                __ctors_start = .
 *(.ctors)
                0x000000000000006e                __ctors_end = .
                0x000000000000006e                __dtors_start = .
 *(.dtors)
                0x000000000000006e                __dtors_end = .
 SORT(*)(.ctors)
 SORT(*)(.dtors)
 *(.init0)
 .init0         0x000000000000006e        0x0 C:/Program Files/Microchip/MPLABX/v5.50/packs/Microchip/ATmega_DFP/2.3.126/xc8/avr/lib/avr5/memx-const/crtatmega328p.o
                0x000000000000006e                __init
 *(.init0)
 *(.init1)
 *(.init1)
 *(.init2)
 .init2         0x000000000000006e        0xc C:/Program Files/Microchip/MPLABX/v5.50/packs/Microchip/ATmega_DFP/2.3.126/xc8/avr/lib/avr5/memx-const/crtatmega328p.o
 *(.init2)
 *(.init3)
 *(.init3)
 *(.init4)
 .init4         0x000000000000007a       0x3c c:/program files/microchip/xc8/v2.32/avr/bin/../lib/gcc/avr/5.4.0/avr5/memx-const\libgcc.a(_copy_data.o)
                0x000000000000007a                __do_copy_data
                0x00000000000000a8                __do_clear_bss
 *(.init4)
 *(.init5)
 *(.init5)
 *(.init6)
 *(.init6)
 *(.init7)
 *(.init7)
 *(.init8)
 *(.init8)
 *(.init9)
 .init9         0x00000000000000b6        0x8 C:/Program Files/Microchip/MPLABX/v5.50/packs/Microchip/ATmega_DFP/2.3.126/xc8/avr/lib/avr5/memx-const/crtatmega328p.o
 *(.init9)
                0x00000000000000be                . = ALIGN (0x2)
 *(.fini9)
 .fini9         0x00000000000000be        0x0 c:/program files/microchip/xc8/v2.32/avr/bin/../lib/gcc/avr/5.4.0/avr5/memx-const\libgcc.a(_exit.o)
                0x00000000000000be                _exit
                0x00000000000000be                exit
 *(.fini9)
 *(.fini8)
 *(.fini8)
 *(.fini7)
 *(.fini7)
 *(.fini6)
 *(.fini6)
 *(.fini5)
 *(.fini5)
 *(.fini4)
 *(.fini4)
 *(.fini3)
 *(.fini3)
 *(.fini2)
 *(.fini2)
 *(.fini1)
 *(.fini1)
 *(.fini0)
 .fini0         0x00000000000000be        0x4 c:/program files/microchip/xc8/v2.32/avr/bin/../lib/gcc/avr/5.4.0/avr5/memx-const\libgcc.a(_exit.o)
 *(.fini0)
                0x00000000000000c2                _etext = .

.data           0x0000000000800100        0x0 load address 0x00000000000000c2
                [!provide]                        PROVIDE (__data_start, .)
 *(.gnu.linkonce.d*)
 *(.gnu.linkonce.r*)
                0x0000000000800100                . = ALIGN (0x2)
                0x0000000000800100                _edata = .
                [!provide]                        PROVIDE (__data_end, .)

.bss            0x0000000000800100        0xc
                [!provide]                        PROVIDE (__bss_start, .)
 *(COMMON)
 COMMON         0x0000000000800100        0xc build/default/production/main.o
                0x0000000000800100                sensores_frontais
                0x0000000000800106                buffer
                0x000000000080010b                ch
                [!provide]                        PROVIDE (__bss_end, .)
                0x00000000000000c2                __data_load_start = LOADADDR (.data)
                0x00000000000000c2                __data_load_end = (__data_load_start + SIZEOF (.data))

.noinit         0x000000000080010c        0x0
                [!provide]                        PROVIDE (__noinit_start, .)
 *(.noinit*)
                [!provide]                        PROVIDE (__noinit_end, .)
                0x000000000080010c                _end = .

.eeprom         0x0000000000810000        0x0
 *(.eeprom*)
                0x0000000000810000                __eeprom_end = .

.fuse
 *(.fuse)
 *(.lfuse)
 *(.hfuse)
 *(.efuse)

.lock
 *(.lock*)

.signature
 *(.signature*)

.user_signatures
 *(.user_signatures*)

.stab
 *(.stab)

.stabstr
 *(.stabstr)

.stab.excl
 *(.stab.excl)

.stab.exclstr
 *(.stab.exclstr)

.stab.index
 *(.stab.index)

.stab.indexstr
 *(.stab.indexstr)

.comment        0x0000000000000000       0x2f
 *(.comment)
 .comment       0x0000000000000000       0x2f build/default/production/main.o
                                         0x30 (size before relaxing)

.stack.descriptors.hdr
                0x0000000000000000       0x1c
 .stack.descriptors.hdr
                0x0000000000000000        0xe c:/program files/microchip/xc8/v2.32/avr/bin/../lib/gcc/avr/5.4.0/avr5/memx-const\libgcc.a(_exit.o)
 .stack.descriptors.hdr
                0x000000000000000e        0xe c:/program files/microchip/xc8/v2.32/avr/bin/../lib/gcc/avr/5.4.0/avr5/memx-const\libgcc.a(_umulhisi3.o)

.note.gnu.build-id
 *(.note.gnu.build-id)

.debug
 *(.debug)

.line
 *(.line)

.debug_srcinfo
 *(.debug_srcinfo)

.debug_sfnames
 *(.debug_sfnames)

.debug_aranges  0x0000000000000000      0x110
 *(.debug_aranges)
 .debug_aranges
                0x0000000000000000      0x110 build/default/production/main.o

.debug_pubnames
 *(.debug_pubnames)

.debug_info     0x0000000000000000     0x1278
 *(.debug_info .gnu.linkonce.wi.*)
 .debug_info    0x0000000000000000      0x5f4 C:/Program Files/Microchip/MPLABX/v5.50/packs/Microchip/ATmega_DFP/2.3.126/xc8/avr/lib/avr5/memx-const/crtatmega328p.o
 .debug_info    0x00000000000005f4      0xc84 build/default/production/main.o

.debug_abbrev   0x0000000000000000      0x83c
 *(.debug_abbrev)
 .debug_abbrev  0x0000000000000000      0x5a2 C:/Program Files/Microchip/MPLABX/v5.50/packs/Microchip/ATmega_DFP/2.3.126/xc8/avr/lib/avr5/memx-const/crtatmega328p.o
 .debug_abbrev  0x00000000000005a2      0x29a build/default/production/main.o

.debug_line     0x0000000000000000      0x739
 *(.debug_line .debug_line.* .debug_line_end)
 .debug_line    0x0000000000000000      0x137 C:/Program Files/Microchip/MPLABX/v5.50/packs/Microchip/ATmega_DFP/2.3.126/xc8/avr/lib/avr5/memx-const/crtatmega328p.o
 .debug_line    0x0000000000000137      0x602 build/default/production/main.o

.debug_frame    0x0000000000000000      0x2fc
 *(.debug_frame)
 .debug_frame   0x0000000000000000      0x2fc build/default/production/main.o

.debug_str      0x0000000000000000      0x208
 *(.debug_str)
 .debug_str     0x0000000000000000      0x208 C:/Program Files/Microchip/MPLABX/v5.50/packs/Microchip/ATmega_DFP/2.3.126/xc8/avr/lib/avr5/memx-const/crtatmega328p.o
 .debug_str     0x0000000000000208        0x0 build/default/production/main.o

.debug_loc      0x0000000000000000      0x485
 *(.debug_loc)
 .debug_loc     0x0000000000000000      0x485 build/default/production/main.o

.debug_macinfo
 *(.debug_macinfo)

.debug_weaknames
 *(.debug_weaknames)

.debug_funcnames
 *(.debug_funcnames)

.debug_typenames
 *(.debug_typenames)

.debug_varnames
 *(.debug_varnames)

.debug_pubtypes
 *(.debug_pubtypes)

.debug_ranges   0x0000000000000000      0x100
 *(.debug_ranges)
 .debug_ranges  0x0000000000000000      0x100 build/default/production/main.o

.debug_macro
 *(.debug_macro)
OUTPUT(dist/default/production/CORREDOR_X.X.production.elf elf32-avr)
LOAD linker stubs
LOAD data_init

.note.gnu.avr.deviceinfo
                0x0000000000000000       0x40
 .note.gnu.avr.deviceinfo
                0x0000000000000000       0x40 C:/Program Files/Microchip/MPLABX/v5.50/packs/Microchip/ATmega_DFP/2.3.126/xc8/avr/lib/avr5/memx-const/crtatmega328p.o

.bss.c_timer2.2087
                0x0000000000800116        0x1
 .bss.c_timer2.2087
                0x0000000000800116        0x1 build/default/production/main.o

.bss.parada.2083
                0x0000000000800117        0x1
 .bss.parada.2083
                0x0000000000800117        0x1 build/default/production/main.o

.bss.PWMB_C.2063
                0x000000000080010c        0x2
 .bss.PWMB_C.2063
                0x000000000080010c        0x2 build/default/production/main.o

.bss.PWMA_C.2062
                0x000000000080010e        0x2
 .bss.PWMA_C.2062
                0x000000000080010e        0x2 build/default/production/main.o

.bss.erroAnterior.1991
                0x0000000000800118        0x1
 .bss.erroAnterior.1991
                0x0000000000800118        0x1 build/default/production/main.o

.bss.integral.1990
                0x0000000000800110        0x2
 .bss.integral.1990
                0x0000000000800110        0x2 build/default/production/main.o

.bss.flag       0x0000000000800119        0x1
 .bss.flag      0x0000000000800119        0x1 build/default/production/main.o
                0x0000000000800119                flag

.bss.f_calibra  0x000000000080011a        0x1
 .bss.f_calibra
                0x000000000080011a        0x1 build/default/production/main.o
                0x000000000080011a                f_calibra

.bss.f_parada   0x000000000080011b        0x1
 .bss.f_parada  0x000000000080011b        0x1 build/default/production/main.o
                0x000000000080011b                f_parada

.bss.PWMB       0x0000000000800112        0x2
 .bss.PWMB      0x0000000000800112        0x2 build/default/production/main.o
                0x0000000000800112                PWMB

.bss.PWMA       0x0000000000800114        0x2
 .bss.PWMA      0x0000000000800114        0x2 build/default/production/main.o
                0x0000000000800114                PWMA

.bss.erro       0x000000000080011c        0x1
 .bss.erro      0x000000000080011c        0x1 build/default/production/main.o
                0x000000000080011c                erro

.text.sentido_de_giro
                0x00000000000000c2       0xbc
 .text.sentido_de_giro
                0x00000000000000c2       0xbc build/default/production/main.o
                0x00000000000000c2                sentido_de_giro

.text.calculo_do_erro
                0x000000000000017e       0x72
 .text.calculo_do_erro
                0x000000000000017e       0x72 build/default/production/main.o
                0x000000000000017e                calculo_do_erro

.text.__vector_18
                0x00000000000001f0       0x54
 .text.__vector_18
                0x00000000000001f0       0x54 build/default/production/main.o
                0x00000000000001f0                __vector_18

.text.__vector_16
                0x0000000000000244       0x4c
 .text.__vector_16
                0x0000000000000244       0x4c build/default/production/main.o
                0x0000000000000244                __vector_16

.text.__vector_21
                0x0000000000000290       0x48
 .text.__vector_21
                0x0000000000000290       0x48 build/default/production/main.o
                0x0000000000000290                __vector_21

.text.PWM_limit
                0x00000000000002d8       0x38
 .text.PWM_limit
                0x00000000000002d8       0x38 build/default/production/main.o
                0x00000000000002d8                PWM_limit

.text.setup_Hardware
                0x0000000000000310       0x32
 .text.setup_Hardware
                0x0000000000000310       0x32 build/default/production/main.o
                0x0000000000000310                setup_Hardware

.text.PID       0x0000000000000342       0x2c
 .text.PID      0x0000000000000342       0x2c build/default/production/main.o
                0x0000000000000342                PID

.text.fim_de_pista
                0x000000000000036e       0x2a
 .text.fim_de_pista
                0x000000000000036e       0x2a build/default/production/main.o
                0x000000000000036e                fim_de_pista

.text.f_timers  0x0000000000000398       0x2a
 .text.f_timers
                0x0000000000000398       0x2a build/default/production/main.o
                0x0000000000000398                f_timers

.text.parada    0x00000000000003c2       0x1e
 .text.parada   0x00000000000003c2       0x1e build/default/production/main.o
                0x00000000000003c2                parada

.text.libgcc.mul
                0x00000000000003e0       0x1e
 .text.libgcc.mul
                0x00000000000003e0       0x1e c:/program files/microchip/xc8/v2.32/avr/bin/../lib/gcc/avr/5.4.0/avr5/memx-const\libgcc.a(_umulhisi3.o)
                0x00000000000003e0                __umulhisi3

.text.ADC_init  0x00000000000003fe       0x18
 .text.ADC_init
                0x00000000000003fe       0x18 build/default/production/main.o
                0x00000000000003fe                ADC_init

.text.freio     0x0000000000000416       0x16
 .text.freio    0x0000000000000416       0x16 build/default/production/main.o
                0x0000000000000416                freio

.text.estrategia
                0x000000000000042c       0x12
 .text.estrategia
                0x000000000000042c       0x12 build/default/production/main.o
                0x000000000000042c                estrategia

.text.UART_enviaCaractere
                0x000000000000043e       0x10
 .text.UART_enviaCaractere
                0x000000000000043e       0x10 build/default/production/main.o
                0x000000000000043e                UART_enviaCaractere

.text.INT_INIT  0x000000000000044e       0x10
 .text.INT_INIT
                0x000000000000044e       0x10 build/default/production/main.o
                0x000000000000044e                INT_INIT

.text.frente    0x000000000000045e        0xa
 .text.frente   0x000000000000045e        0xa build/default/production/main.o
                0x000000000000045e                frente

.text.motor_off
                0x0000000000000468        0xa
 .text.motor_off
                0x0000000000000468        0xa build/default/production/main.o
                0x0000000000000468                motor_off

.text.setup     0x0000000000000472        0x8
 .text.setup    0x0000000000000472        0x8 build/default/production/main.o
                0x0000000000000472                setup

.text.main      0x000000000000047a        0x6
 .text.main     0x000000000000047a        0x6 build/default/production/main.o
                0x000000000000047a                main

.text           0x0000000000000480        0x4
 .text          0x0000000000000480        0x4 C:/Program Files/Microchip/MPLABX/v5.50/packs/Microchip/ATmega_DFP/2.3.126/xc8/avr/lib/avr5/memx-const/crtatmega328p.o
                0x0000000000000480                __vector_22
                0x0000000000000480                __vector_1
                0x0000000000000480                __vector_24
                0x0000000000000480                __vector_12
                0x0000000000000480                __bad_interrupt
                0x0000000000000480                __vector_6
                0x0000000000000480                __vector_3
                0x0000000000000480                __vector_23
                0x0000000000000480                __vector_25
                0x0000000000000480                __vector_11
                0x0000000000000480                __vector_13
                0x0000000000000480                __vector_17
                0x0000000000000480                __vector_19
                0x0000000000000480                __vector_7
                0x0000000000000480                __vector_5
                0x0000000000000480                __vector_4
                0x0000000000000480                __vector_9
                0x0000000000000480                __vector_2
                0x0000000000000480                __vector_15
                0x0000000000000480                __vector_8
                0x0000000000000480                __vector_14
                0x0000000000000480                __vector_10
                0x0000000000000480                __vector_20
